
# cg_if
indeed
it might be the question but is not the answer

# cg_resyscmd
r,
z

# cg_quote
bar
foo
`foo'
``foo''
```foo'''
bar,bar
foo,foo
`foo',`foo'
``foo',`foo''
```foo',`foo'''

