Hello, World!
This is a test
hello_foo
hello_bar
hello_baz
